2023-07-02 03:28:03,552 ERROR: Exception on /predict [POST] [in C:\Users\GRAPHICS\anaconda3\lib\site-packages\flask\app.py:1891]
Traceback (most recent call last):
  File "C:\Users\GRAPHICS\anaconda3\lib\site-packages\flask\app.py", line 2447, in wsgi_app
    response = self.full_dispatch_request()
  File "C:\Users\GRAPHICS\anaconda3\lib\site-packages\flask\app.py", line 1952, in full_dispatch_request
    rv = self.handle_user_exception(e)
  File "C:\Users\GRAPHICS\anaconda3\lib\site-packages\flask\app.py", line 1821, in handle_user_exception
    reraise(exc_type, exc_value, tb)
  File "C:\Users\GRAPHICS\anaconda3\lib\site-packages\flask\_compat.py", line 39, in reraise
    raise value
  File "C:\Users\GRAPHICS\anaconda3\lib\site-packages\flask\app.py", line 1950, in full_dispatch_request
    rv = self.dispatch_request()
  File "C:\Users\GRAPHICS\anaconda3\lib\site-packages\flask\app.py", line 1936, in dispatch_request
    return self.view_functions[rule.endpoint](**req.view_args)
  File "C:\Users\GRAPHICS\Desktop\Model\seq_model.py", line 159, in predict
    y = apply_xgb(df_encoded,df)
  File "C:\Users\GRAPHICS\Desktop\Model\seq_model.py", line 130, in apply_xgb
    actual_value = compare_sequences(df.iloc[i,1],df.iloc[i,0])
  File "C:\Users\GRAPHICS\Desktop\Model\seq_model.py", line 72, in compare_sequences
    if allel1_father[i] == allel1_child[i]:
IndexError: string index out of range
2023-07-02 03:28:12,515 ERROR: Exception on /predict [POST] [in C:\Users\GRAPHICS\anaconda3\lib\site-packages\flask\app.py:1891]
Traceback (most recent call last):
  File "C:\Users\GRAPHICS\anaconda3\lib\site-packages\flask\app.py", line 2447, in wsgi_app
    response = self.full_dispatch_request()
  File "C:\Users\GRAPHICS\anaconda3\lib\site-packages\flask\app.py", line 1952, in full_dispatch_request
    rv = self.handle_user_exception(e)
  File "C:\Users\GRAPHICS\anaconda3\lib\site-packages\flask\app.py", line 1821, in handle_user_exception
    reraise(exc_type, exc_value, tb)
  File "C:\Users\GRAPHICS\anaconda3\lib\site-packages\flask\_compat.py", line 39, in reraise
    raise value
  File "C:\Users\GRAPHICS\anaconda3\lib\site-packages\flask\app.py", line 1950, in full_dispatch_request
    rv = self.dispatch_request()
  File "C:\Users\GRAPHICS\anaconda3\lib\site-packages\flask\app.py", line 1936, in dispatch_request
    return self.view_functions[rule.endpoint](**req.view_args)
  File "C:\Users\GRAPHICS\Desktop\Model\seq_model.py", line 159, in predict
    y = apply_xgb(df_encoded,df)
  File "C:\Users\GRAPHICS\Desktop\Model\seq_model.py", line 130, in apply_xgb
    actual_value = compare_sequences(df.iloc[i,1],df.iloc[i,0])
  File "C:\Users\GRAPHICS\Desktop\Model\seq_model.py", line 72, in compare_sequences
    if allel1_father[i] == allel1_child[i]:
IndexError: string index out of range
2023-07-02 03:36:29,965 ERROR: Exception on /predict [POST] [in C:\Users\GRAPHICS\anaconda3\lib\site-packages\flask\app.py:1891]
Traceback (most recent call last):
  File "C:\Users\GRAPHICS\anaconda3\lib\site-packages\flask\app.py", line 2447, in wsgi_app
    response = self.full_dispatch_request()
  File "C:\Users\GRAPHICS\anaconda3\lib\site-packages\flask\app.py", line 1952, in full_dispatch_request
    rv = self.handle_user_exception(e)
  File "C:\Users\GRAPHICS\anaconda3\lib\site-packages\flask\app.py", line 1821, in handle_user_exception
    reraise(exc_type, exc_value, tb)
  File "C:\Users\GRAPHICS\anaconda3\lib\site-packages\flask\_compat.py", line 39, in reraise
    raise value
  File "C:\Users\GRAPHICS\anaconda3\lib\site-packages\flask\app.py", line 1950, in full_dispatch_request
    rv = self.dispatch_request()
  File "C:\Users\GRAPHICS\anaconda3\lib\site-packages\flask\app.py", line 1936, in dispatch_request
    return self.view_functions[rule.endpoint](**req.view_args)
  File "C:\Users\GRAPHICS\Desktop\Model\seq_model.py", line 159, in predict
    y = apply_xgb(df_encoded,df)
  File "C:\Users\GRAPHICS\Desktop\Model\seq_model.py", line 130, in apply_xgb
    actual_value = compare_sequences(df.iloc[i,1],df.iloc[i,0])
  File "C:\Users\GRAPHICS\Desktop\Model\seq_model.py", line 72, in compare_sequences
    if allel1_father[i] == allel1_child[i]:
IndexError: string index out of range
2023-07-02 03:39:54,759 ERROR: Exception on /predict [POST] [in C:\Users\GRAPHICS\anaconda3\lib\site-packages\flask\app.py:1891]
Traceback (most recent call last):
  File "C:\Users\GRAPHICS\anaconda3\lib\site-packages\flask\app.py", line 2447, in wsgi_app
    response = self.full_dispatch_request()
  File "C:\Users\GRAPHICS\anaconda3\lib\site-packages\flask\app.py", line 1952, in full_dispatch_request
    rv = self.handle_user_exception(e)
  File "C:\Users\GRAPHICS\anaconda3\lib\site-packages\flask\app.py", line 1821, in handle_user_exception
    reraise(exc_type, exc_value, tb)
  File "C:\Users\GRAPHICS\anaconda3\lib\site-packages\flask\_compat.py", line 39, in reraise
    raise value
  File "C:\Users\GRAPHICS\anaconda3\lib\site-packages\flask\app.py", line 1950, in full_dispatch_request
    rv = self.dispatch_request()
  File "C:\Users\GRAPHICS\anaconda3\lib\site-packages\flask\app.py", line 1936, in dispatch_request
    return self.view_functions[rule.endpoint](**req.view_args)
  File "C:\Users\GRAPHICS\Desktop\Model\seq_model.py", line 159, in predict
    y = apply_xgb(df_encoded,df)
  File "C:\Users\GRAPHICS\Desktop\Model\seq_model.py", line 126, in apply_xgb
    if len(df_.iloc[0,0] < 78216):  return [0,0,0,0,0,0,0,0,0,0]
TypeError: object of type 'numpy.bool_' has no len()
2023-07-02 03:40:30,648 ERROR: Exception on /predict [POST] [in C:\Users\GRAPHICS\anaconda3\lib\site-packages\flask\app.py:1891]
Traceback (most recent call last):
  File "C:\Users\GRAPHICS\anaconda3\lib\site-packages\flask\app.py", line 2447, in wsgi_app
    response = self.full_dispatch_request()
  File "C:\Users\GRAPHICS\anaconda3\lib\site-packages\flask\app.py", line 1952, in full_dispatch_request
    rv = self.handle_user_exception(e)
  File "C:\Users\GRAPHICS\anaconda3\lib\site-packages\flask\app.py", line 1821, in handle_user_exception
    reraise(exc_type, exc_value, tb)
  File "C:\Users\GRAPHICS\anaconda3\lib\site-packages\flask\_compat.py", line 39, in reraise
    raise value
  File "C:\Users\GRAPHICS\anaconda3\lib\site-packages\flask\app.py", line 1950, in full_dispatch_request
    rv = self.dispatch_request()
  File "C:\Users\GRAPHICS\anaconda3\lib\site-packages\flask\app.py", line 1936, in dispatch_request
    return self.view_functions[rule.endpoint](**req.view_args)
  File "C:\Users\GRAPHICS\Desktop\Model\seq_model.py", line 159, in predict
    y = apply_xgb(df_encoded,df)
  File "C:\Users\GRAPHICS\Desktop\Model\seq_model.py", line 126, in apply_xgb
    if len(df_.iloc[0,0] < 78216):  return [0,0,0,0,0,0,0,0,0,0]
TypeError: object of type 'numpy.bool_' has no len()
2023-07-02 03:41:17,947 ERROR: Exception on /predict [POST] [in C:\Users\GRAPHICS\anaconda3\lib\site-packages\flask\app.py:1891]
Traceback (most recent call last):
  File "C:\Users\GRAPHICS\anaconda3\lib\site-packages\flask\app.py", line 2447, in wsgi_app
    response = self.full_dispatch_request()
  File "C:\Users\GRAPHICS\anaconda3\lib\site-packages\flask\app.py", line 1952, in full_dispatch_request
    rv = self.handle_user_exception(e)
  File "C:\Users\GRAPHICS\anaconda3\lib\site-packages\flask\app.py", line 1821, in handle_user_exception
    reraise(exc_type, exc_value, tb)
  File "C:\Users\GRAPHICS\anaconda3\lib\site-packages\flask\_compat.py", line 39, in reraise
    raise value
  File "C:\Users\GRAPHICS\anaconda3\lib\site-packages\flask\app.py", line 1950, in full_dispatch_request
    rv = self.dispatch_request()
  File "C:\Users\GRAPHICS\anaconda3\lib\site-packages\flask\app.py", line 1936, in dispatch_request
    return self.view_functions[rule.endpoint](**req.view_args)
  File "C:\Users\GRAPHICS\Desktop\Model\seq_model.py", line 159, in predict
    y = apply_xgb(df_encoded,df)
  File "C:\Users\GRAPHICS\Desktop\Model\seq_model.py", line 126, in apply_xgb
    if len(df.iloc[0,0] < 78216):  return [0,0,0,0,0,0,0,0,0,0]
TypeError: '<' not supported between instances of 'str' and 'int'
2023-07-02 03:43:11,987 ERROR: Exception on /predict [POST] [in C:\Users\GRAPHICS\anaconda3\lib\site-packages\flask\app.py:1891]
Traceback (most recent call last):
  File "C:\Users\GRAPHICS\anaconda3\lib\site-packages\flask\app.py", line 2447, in wsgi_app
    response = self.full_dispatch_request()
  File "C:\Users\GRAPHICS\anaconda3\lib\site-packages\flask\app.py", line 1952, in full_dispatch_request
    rv = self.handle_user_exception(e)
  File "C:\Users\GRAPHICS\anaconda3\lib\site-packages\flask\app.py", line 1821, in handle_user_exception
    reraise(exc_type, exc_value, tb)
  File "C:\Users\GRAPHICS\anaconda3\lib\site-packages\flask\_compat.py", line 39, in reraise
    raise value
  File "C:\Users\GRAPHICS\anaconda3\lib\site-packages\flask\app.py", line 1950, in full_dispatch_request
    rv = self.dispatch_request()
  File "C:\Users\GRAPHICS\anaconda3\lib\site-packages\flask\app.py", line 1936, in dispatch_request
    return self.view_functions[rule.endpoint](**req.view_args)
  File "C:\Users\GRAPHICS\Desktop\Model\seq_model.py", line 159, in predict
    y = apply_xgb(df_encoded,df)
  File "C:\Users\GRAPHICS\Desktop\Model\seq_model.py", line 130, in apply_xgb
    actual_value = compare_sequences(df.iloc[i,1],df.iloc[i,0])
  File "C:\Users\GRAPHICS\Desktop\Model\seq_model.py", line 72, in compare_sequences
    if allel1_father[i] == allel1_child[i]:
IndexError: string index out of range
2023-07-02 03:54:09,167 ERROR: Exception on /predict [POST] [in C:\Users\GRAPHICS\anaconda3\lib\site-packages\flask\app.py:1891]
Traceback (most recent call last):
  File "C:\Users\GRAPHICS\anaconda3\lib\site-packages\flask\app.py", line 2447, in wsgi_app
    response = self.full_dispatch_request()
  File "C:\Users\GRAPHICS\anaconda3\lib\site-packages\flask\app.py", line 1952, in full_dispatch_request
    rv = self.handle_user_exception(e)
  File "C:\Users\GRAPHICS\anaconda3\lib\site-packages\flask\app.py", line 1821, in handle_user_exception
    reraise(exc_type, exc_value, tb)
  File "C:\Users\GRAPHICS\anaconda3\lib\site-packages\flask\_compat.py", line 39, in reraise
    raise value
  File "C:\Users\GRAPHICS\anaconda3\lib\site-packages\flask\app.py", line 1950, in full_dispatch_request
    rv = self.dispatch_request()
  File "C:\Users\GRAPHICS\anaconda3\lib\site-packages\flask\app.py", line 1936, in dispatch_request
    return self.view_functions[rule.endpoint](**req.view_args)
  File "C:\Users\GRAPHICS\Desktop\Model\seq_model.py", line 163, in predict
    person_matched = {'Id': A.iloc[ind,0], 'Name': A.iloc[ind,1]}
NameError: name 'A' is not defined
2023-07-02 21:30:01,189 ERROR: Exception on /predict [POST] [in C:\Users\GRAPHICS\anaconda3\lib\site-packages\flask\app.py:1891]
Traceback (most recent call last):
  File "C:\Users\GRAPHICS\anaconda3\lib\site-packages\flask\app.py", line 2447, in wsgi_app
    response = self.full_dispatch_request()
  File "C:\Users\GRAPHICS\anaconda3\lib\site-packages\flask\app.py", line 1952, in full_dispatch_request
    rv = self.handle_user_exception(e)
  File "C:\Users\GRAPHICS\anaconda3\lib\site-packages\flask_cors\extension.py", line 176, in wrapped_function
    return cors_after_request(app.make_response(f(*args, **kwargs)))
  File "C:\Users\GRAPHICS\anaconda3\lib\site-packages\flask\app.py", line 1821, in handle_user_exception
    reraise(exc_type, exc_value, tb)
  File "C:\Users\GRAPHICS\anaconda3\lib\site-packages\flask\_compat.py", line 39, in reraise
    raise value
  File "C:\Users\GRAPHICS\anaconda3\lib\site-packages\flask\app.py", line 1950, in full_dispatch_request
    rv = self.dispatch_request()
  File "C:\Users\GRAPHICS\anaconda3\lib\site-packages\flask\app.py", line 1936, in dispatch_request
    return self.view_functions[rule.endpoint](**req.view_args)
  File "C:\Users\GRAPHICS\Modelll\seq_model.py", line 178, in predict
    response = jsonify({'person_matched': person_matched})
  File "C:\Users\GRAPHICS\anaconda3\lib\site-packages\flask\json\__init__.py", line 370, in jsonify
    dumps(data, indent=indent, separators=separators) + "\n",
  File "C:\Users\GRAPHICS\anaconda3\lib\site-packages\flask\json\__init__.py", line 211, in dumps
    rv = _json.dumps(obj, **kwargs)
  File "C:\Users\GRAPHICS\anaconda3\lib\json\__init__.py", line 234, in dumps
    return cls(
  File "C:\Users\GRAPHICS\anaconda3\lib\json\encoder.py", line 199, in encode
    chunks = self.iterencode(o, _one_shot=True)
  File "C:\Users\GRAPHICS\anaconda3\lib\json\encoder.py", line 257, in iterencode
    return _iterencode(o, 0)
  File "C:\Users\GRAPHICS\anaconda3\lib\site-packages\flask\json\__init__.py", line 100, in default
    return _json.JSONEncoder.default(self, o)
  File "C:\Users\GRAPHICS\anaconda3\lib\json\encoder.py", line 179, in default
    raise TypeError(f'Object of type {o.__class__.__name__} '
TypeError: Object of type int64 is not JSON serializable
2023-07-02 21:32:49,379 ERROR: Exception on /predict [POST] [in C:\Users\GRAPHICS\anaconda3\lib\site-packages\flask\app.py:1891]
Traceback (most recent call last):
  File "C:\Users\GRAPHICS\anaconda3\lib\site-packages\flask\app.py", line 2447, in wsgi_app
    response = self.full_dispatch_request()
  File "C:\Users\GRAPHICS\anaconda3\lib\site-packages\flask\app.py", line 1952, in full_dispatch_request
    rv = self.handle_user_exception(e)
  File "C:\Users\GRAPHICS\anaconda3\lib\site-packages\flask_cors\extension.py", line 176, in wrapped_function
    return cors_after_request(app.make_response(f(*args, **kwargs)))
  File "C:\Users\GRAPHICS\anaconda3\lib\site-packages\flask\app.py", line 1821, in handle_user_exception
    reraise(exc_type, exc_value, tb)
  File "C:\Users\GRAPHICS\anaconda3\lib\site-packages\flask\_compat.py", line 39, in reraise
    raise value
  File "C:\Users\GRAPHICS\anaconda3\lib\site-packages\flask\app.py", line 1950, in full_dispatch_request
    rv = self.dispatch_request()
  File "C:\Users\GRAPHICS\anaconda3\lib\site-packages\flask\app.py", line 1936, in dispatch_request
    return self.view_functions[rule.endpoint](**req.view_args)
  File "C:\Users\GRAPHICS\Modelll\seq_model.py", line 178, in predict
    response = jsonify({'person_matched': person_matched})
  File "C:\Users\GRAPHICS\anaconda3\lib\site-packages\flask\json\__init__.py", line 370, in jsonify
    dumps(data, indent=indent, separators=separators) + "\n",
  File "C:\Users\GRAPHICS\anaconda3\lib\site-packages\flask\json\__init__.py", line 211, in dumps
    rv = _json.dumps(obj, **kwargs)
  File "C:\Users\GRAPHICS\anaconda3\lib\json\__init__.py", line 234, in dumps
    return cls(
  File "C:\Users\GRAPHICS\anaconda3\lib\json\encoder.py", line 199, in encode
    chunks = self.iterencode(o, _one_shot=True)
  File "C:\Users\GRAPHICS\anaconda3\lib\json\encoder.py", line 257, in iterencode
    return _iterencode(o, 0)
  File "C:\Users\GRAPHICS\anaconda3\lib\site-packages\flask\json\__init__.py", line 100, in default
    return _json.JSONEncoder.default(self, o)
  File "C:\Users\GRAPHICS\anaconda3\lib\json\encoder.py", line 179, in default
    raise TypeError(f'Object of type {o.__class__.__name__} '
TypeError: Object of type int64 is not JSON serializable
2023-07-02 21:35:51,299 ERROR: Exception on /predict [POST] [in C:\Users\GRAPHICS\anaconda3\lib\site-packages\flask\app.py:1891]
Traceback (most recent call last):
  File "C:\Users\GRAPHICS\anaconda3\lib\site-packages\flask\app.py", line 2447, in wsgi_app
    response = self.full_dispatch_request()
  File "C:\Users\GRAPHICS\anaconda3\lib\site-packages\flask\app.py", line 1952, in full_dispatch_request
    rv = self.handle_user_exception(e)
  File "C:\Users\GRAPHICS\anaconda3\lib\site-packages\flask_cors\extension.py", line 176, in wrapped_function
    return cors_after_request(app.make_response(f(*args, **kwargs)))
  File "C:\Users\GRAPHICS\anaconda3\lib\site-packages\flask\app.py", line 1821, in handle_user_exception
    reraise(exc_type, exc_value, tb)
  File "C:\Users\GRAPHICS\anaconda3\lib\site-packages\flask\_compat.py", line 39, in reraise
    raise value
  File "C:\Users\GRAPHICS\anaconda3\lib\site-packages\flask\app.py", line 1950, in full_dispatch_request
    rv = self.dispatch_request()
  File "C:\Users\GRAPHICS\anaconda3\lib\site-packages\flask\app.py", line 1936, in dispatch_request
    return self.view_functions[rule.endpoint](**req.view_args)
  File "C:\Users\GRAPHICS\Modelll\seq_model.py", line 178, in predict
    response = jsonify({'person_matched': person_matched})
  File "C:\Users\GRAPHICS\anaconda3\lib\site-packages\flask\json\__init__.py", line 370, in jsonify
    dumps(data, indent=indent, separators=separators) + "\n",
  File "C:\Users\GRAPHICS\anaconda3\lib\site-packages\flask\json\__init__.py", line 211, in dumps
    rv = _json.dumps(obj, **kwargs)
  File "C:\Users\GRAPHICS\anaconda3\lib\json\__init__.py", line 234, in dumps
    return cls(
  File "C:\Users\GRAPHICS\anaconda3\lib\json\encoder.py", line 199, in encode
    chunks = self.iterencode(o, _one_shot=True)
  File "C:\Users\GRAPHICS\anaconda3\lib\json\encoder.py", line 257, in iterencode
    return _iterencode(o, 0)
  File "C:\Users\GRAPHICS\anaconda3\lib\site-packages\flask\json\__init__.py", line 100, in default
    return _json.JSONEncoder.default(self, o)
  File "C:\Users\GRAPHICS\anaconda3\lib\json\encoder.py", line 179, in default
    raise TypeError(f'Object of type {o.__class__.__name__} '
TypeError: Object of type int64 is not JSON serializable
2023-07-02 21:47:56,243 ERROR: Exception on /predict [POST] [in c:\Users\GRAPHICS\anaconda3\lib\site-packages\flask\app.py:1891]
Traceback (most recent call last):
  File "c:\Users\GRAPHICS\anaconda3\lib\site-packages\flask\app.py", line 2447, in wsgi_app
    response = self.full_dispatch_request()
  File "c:\Users\GRAPHICS\anaconda3\lib\site-packages\flask\app.py", line 1952, in full_dispatch_request
    rv = self.handle_user_exception(e)
  File "c:\Users\GRAPHICS\anaconda3\lib\site-packages\flask_cors\extension.py", line 176, in wrapped_function
    return cors_after_request(app.make_response(f(*args, **kwargs)))
  File "c:\Users\GRAPHICS\anaconda3\lib\site-packages\flask\app.py", line 1821, in handle_user_exception
    reraise(exc_type, exc_value, tb)
  File "c:\Users\GRAPHICS\anaconda3\lib\site-packages\flask\_compat.py", line 39, in reraise
    raise value
  File "c:\Users\GRAPHICS\anaconda3\lib\site-packages\flask\app.py", line 1950, in full_dispatch_request
    rv = self.dispatch_request()
  File "c:\Users\GRAPHICS\anaconda3\lib\site-packages\flask\app.py", line 1936, in dispatch_request
    return self.view_functions[rule.endpoint](**req.view_args)
  File "C:\Users\GRAPHICS\AppData\Local\Temp\ipykernel_8260\3636158899.py", line 177, in predict
    response = jsonify({'person_matched': person_matched})
  File "c:\Users\GRAPHICS\anaconda3\lib\site-packages\flask\json\__init__.py", line 370, in jsonify
    dumps(data, indent=indent, separators=separators) + "\n",
  File "c:\Users\GRAPHICS\anaconda3\lib\site-packages\flask\json\__init__.py", line 211, in dumps
    rv = _json.dumps(obj, **kwargs)
  File "c:\Users\GRAPHICS\anaconda3\lib\json\__init__.py", line 234, in dumps
    return cls(
  File "c:\Users\GRAPHICS\anaconda3\lib\json\encoder.py", line 199, in encode
    chunks = self.iterencode(o, _one_shot=True)
  File "c:\Users\GRAPHICS\anaconda3\lib\json\encoder.py", line 257, in iterencode
    return _iterencode(o, 0)
  File "c:\Users\GRAPHICS\anaconda3\lib\site-packages\flask\json\__init__.py", line 100, in default
    return _json.JSONEncoder.default(self, o)
  File "c:\Users\GRAPHICS\anaconda3\lib\json\encoder.py", line 179, in default
    raise TypeError(f'Object of type {o.__class__.__name__} '
TypeError: Object of type int64 is not JSON serializable
2023-07-02 22:36:23,832 ERROR: Exception on /predict [POST] [in C:\Users\GRAPHICS\anaconda3\lib\site-packages\flask\app.py:1891]
Traceback (most recent call last):
  File "C:\Users\GRAPHICS\anaconda3\lib\site-packages\pymysql\connections.py", line 616, in connect
    sock = socket.create_connection(
  File "C:\Users\GRAPHICS\anaconda3\lib\socket.py", line 844, in create_connection
    raise err
  File "C:\Users\GRAPHICS\anaconda3\lib\socket.py", line 832, in create_connection
    sock.connect(sa)
ConnectionRefusedError: [WinError 10061] No connection could be made because the target machine actively refused it

During handling of the above exception, another exception occurred:

Traceback (most recent call last):
  File "C:\Users\GRAPHICS\anaconda3\lib\site-packages\flask\app.py", line 2447, in wsgi_app
    response = self.full_dispatch_request()
  File "C:\Users\GRAPHICS\anaconda3\lib\site-packages\flask\app.py", line 1952, in full_dispatch_request
    rv = self.handle_user_exception(e)
  File "C:\Users\GRAPHICS\anaconda3\lib\site-packages\flask_cors\extension.py", line 176, in wrapped_function
    return cors_after_request(app.make_response(f(*args, **kwargs)))
  File "C:\Users\GRAPHICS\anaconda3\lib\site-packages\flask\app.py", line 1821, in handle_user_exception
    reraise(exc_type, exc_value, tb)
  File "C:\Users\GRAPHICS\anaconda3\lib\site-packages\flask\_compat.py", line 39, in reraise
    raise value
  File "C:\Users\GRAPHICS\anaconda3\lib\site-packages\flask\app.py", line 1950, in full_dispatch_request
    rv = self.dispatch_request()
  File "C:\Users\GRAPHICS\anaconda3\lib\site-packages\flask\app.py", line 1936, in dispatch_request
    return self.view_functions[rule.endpoint](**req.view_args)
  File "C:\Users\GRAPHICS\Modelll\seq_model.py", line 164, in predict
    a,v = get_db_data()
  File "C:\Users\GRAPHICS\Modelll\seq_model.py", line 29, in get_db_data
    connection = pymysql.connect(host="127.0.0.1", port=3306, user="root", passwd="", database="gp_database")
  File "C:\Users\GRAPHICS\anaconda3\lib\site-packages\pymysql\connections.py", line 352, in __init__
    self.connect()
  File "C:\Users\GRAPHICS\anaconda3\lib\site-packages\pymysql\connections.py", line 668, in connect
    raise exc
pymysql.err.OperationalError: (2003, "Can't connect to MySQL server on '127.0.0.1' ([WinError 10061] No connection could be made because the target machine actively refused it)")
2023-07-02 22:38:49,983 ERROR: Exception on /predict [POST] [in C:\Users\GRAPHICS\anaconda3\lib\site-packages\flask\app.py:1891]
Traceback (most recent call last):
  File "C:\Users\GRAPHICS\anaconda3\lib\site-packages\pymysql\connections.py", line 616, in connect
    sock = socket.create_connection(
  File "C:\Users\GRAPHICS\anaconda3\lib\socket.py", line 844, in create_connection
    raise err
  File "C:\Users\GRAPHICS\anaconda3\lib\socket.py", line 832, in create_connection
    sock.connect(sa)
ConnectionRefusedError: [WinError 10061] No connection could be made because the target machine actively refused it

During handling of the above exception, another exception occurred:

Traceback (most recent call last):
  File "C:\Users\GRAPHICS\anaconda3\lib\site-packages\flask\app.py", line 2447, in wsgi_app
    response = self.full_dispatch_request()
  File "C:\Users\GRAPHICS\anaconda3\lib\site-packages\flask\app.py", line 1952, in full_dispatch_request
    rv = self.handle_user_exception(e)
  File "C:\Users\GRAPHICS\anaconda3\lib\site-packages\flask_cors\extension.py", line 176, in wrapped_function
    return cors_after_request(app.make_response(f(*args, **kwargs)))
  File "C:\Users\GRAPHICS\anaconda3\lib\site-packages\flask\app.py", line 1821, in handle_user_exception
    reraise(exc_type, exc_value, tb)
  File "C:\Users\GRAPHICS\anaconda3\lib\site-packages\flask\_compat.py", line 39, in reraise
    raise value
  File "C:\Users\GRAPHICS\anaconda3\lib\site-packages\flask\app.py", line 1950, in full_dispatch_request
    rv = self.dispatch_request()
  File "C:\Users\GRAPHICS\anaconda3\lib\site-packages\flask\app.py", line 1936, in dispatch_request
    return self.view_functions[rule.endpoint](**req.view_args)
  File "C:\Users\GRAPHICS\Modelll\model.py", line 163, in predict
    a,v = get_db_data()
  File "C:\Users\GRAPHICS\Modelll\model.py", line 30, in get_db_data
    connection = pymysql.connect(host="127.0.0.1", port=3306, user="root", passwd="", database="gp_database")
  File "C:\Users\GRAPHICS\anaconda3\lib\site-packages\pymysql\connections.py", line 352, in __init__
    self.connect()
  File "C:\Users\GRAPHICS\anaconda3\lib\site-packages\pymysql\connections.py", line 668, in connect
    raise exc
pymysql.err.OperationalError: (2003, "Can't connect to MySQL server on '127.0.0.1' ([WinError 10061] No connection could be made because the target machine actively refused it)")
2023-07-02 22:40:02,935 ERROR: Exception on /predict [POST] [in C:\Users\GRAPHICS\anaconda3\lib\site-packages\flask\app.py:1891]
Traceback (most recent call last):
  File "C:\Users\GRAPHICS\anaconda3\lib\site-packages\pymysql\connections.py", line 616, in connect
    sock = socket.create_connection(
  File "C:\Users\GRAPHICS\anaconda3\lib\socket.py", line 844, in create_connection
    raise err
  File "C:\Users\GRAPHICS\anaconda3\lib\socket.py", line 832, in create_connection
    sock.connect(sa)
ConnectionRefusedError: [WinError 10061] No connection could be made because the target machine actively refused it

During handling of the above exception, another exception occurred:

Traceback (most recent call last):
  File "C:\Users\GRAPHICS\anaconda3\lib\site-packages\flask\app.py", line 2447, in wsgi_app
    response = self.full_dispatch_request()
  File "C:\Users\GRAPHICS\anaconda3\lib\site-packages\flask\app.py", line 1952, in full_dispatch_request
    rv = self.handle_user_exception(e)
  File "C:\Users\GRAPHICS\anaconda3\lib\site-packages\flask_cors\extension.py", line 176, in wrapped_function
    return cors_after_request(app.make_response(f(*args, **kwargs)))
  File "C:\Users\GRAPHICS\anaconda3\lib\site-packages\flask\app.py", line 1821, in handle_user_exception
    reraise(exc_type, exc_value, tb)
  File "C:\Users\GRAPHICS\anaconda3\lib\site-packages\flask\_compat.py", line 39, in reraise
    raise value
  File "C:\Users\GRAPHICS\anaconda3\lib\site-packages\flask\app.py", line 1950, in full_dispatch_request
    rv = self.dispatch_request()
  File "C:\Users\GRAPHICS\anaconda3\lib\site-packages\flask\app.py", line 1936, in dispatch_request
    return self.view_functions[rule.endpoint](**req.view_args)
  File "C:\Users\GRAPHICS\Modelll\model.py", line 163, in predict
    a,v = get_db_data()
  File "C:\Users\GRAPHICS\Modelll\model.py", line 30, in get_db_data
    connection = pymysql.connect(host="127.0.0.1", port=3306, user="root", passwd="", database="gp_database")
  File "C:\Users\GRAPHICS\anaconda3\lib\site-packages\pymysql\connections.py", line 352, in __init__
    self.connect()
  File "C:\Users\GRAPHICS\anaconda3\lib\site-packages\pymysql\connections.py", line 668, in connect
    raise exc
pymysql.err.OperationalError: (2003, "Can't connect to MySQL server on '127.0.0.1' ([WinError 10061] No connection could be made because the target machine actively refused it)")
2023-07-03 22:52:05,051 ERROR: Exception on /predict [POST] [in c:\Users\GRAPHICS\anaconda3\lib\site-packages\flask\app.py:1891]
Traceback (most recent call last):
  File "c:\Users\GRAPHICS\anaconda3\lib\site-packages\flask\app.py", line 2447, in wsgi_app
    response = self.full_dispatch_request()
  File "c:\Users\GRAPHICS\anaconda3\lib\site-packages\flask\app.py", line 1952, in full_dispatch_request
    rv = self.handle_user_exception(e)
  File "c:\Users\GRAPHICS\anaconda3\lib\site-packages\flask_cors\extension.py", line 176, in wrapped_function
    return cors_after_request(app.make_response(f(*args, **kwargs)))
  File "c:\Users\GRAPHICS\anaconda3\lib\site-packages\flask\app.py", line 1821, in handle_user_exception
    reraise(exc_type, exc_value, tb)
  File "c:\Users\GRAPHICS\anaconda3\lib\site-packages\flask\_compat.py", line 39, in reraise
    raise value
  File "c:\Users\GRAPHICS\anaconda3\lib\site-packages\flask\app.py", line 1950, in full_dispatch_request
    rv = self.dispatch_request()
  File "c:\Users\GRAPHICS\anaconda3\lib\site-packages\flask\app.py", line 1936, in dispatch_request
    return self.view_functions[rule.endpoint](**req.view_args)
  File "C:\Users\GRAPHICS\AppData\Local\Temp\ipykernel_3096\3636158899.py", line 177, in predict
    response = jsonify({'person_matched': person_matched})
  File "c:\Users\GRAPHICS\anaconda3\lib\site-packages\flask\json\__init__.py", line 370, in jsonify
    dumps(data, indent=indent, separators=separators) + "\n",
  File "c:\Users\GRAPHICS\anaconda3\lib\site-packages\flask\json\__init__.py", line 211, in dumps
    rv = _json.dumps(obj, **kwargs)
  File "c:\Users\GRAPHICS\anaconda3\lib\json\__init__.py", line 234, in dumps
    return cls(
  File "c:\Users\GRAPHICS\anaconda3\lib\json\encoder.py", line 199, in encode
    chunks = self.iterencode(o, _one_shot=True)
  File "c:\Users\GRAPHICS\anaconda3\lib\json\encoder.py", line 257, in iterencode
    return _iterencode(o, 0)
  File "c:\Users\GRAPHICS\anaconda3\lib\site-packages\flask\json\__init__.py", line 100, in default
    return _json.JSONEncoder.default(self, o)
  File "c:\Users\GRAPHICS\anaconda3\lib\json\encoder.py", line 179, in default
    raise TypeError(f'Object of type {o.__class__.__name__} '
TypeError: Object of type int64 is not JSON serializable
2023-07-03 22:54:13,916 ERROR: Exception on /predict [POST] [in c:\Users\GRAPHICS\anaconda3\lib\site-packages\flask\app.py:1891]
Traceback (most recent call last):
  File "c:\Users\GRAPHICS\anaconda3\lib\site-packages\flask\app.py", line 2447, in wsgi_app
    response = self.full_dispatch_request()
  File "c:\Users\GRAPHICS\anaconda3\lib\site-packages\flask\app.py", line 1952, in full_dispatch_request
    rv = self.handle_user_exception(e)
  File "c:\Users\GRAPHICS\anaconda3\lib\site-packages\flask_cors\extension.py", line 176, in wrapped_function
    return cors_after_request(app.make_response(f(*args, **kwargs)))
  File "c:\Users\GRAPHICS\anaconda3\lib\site-packages\flask\app.py", line 1821, in handle_user_exception
    reraise(exc_type, exc_value, tb)
  File "c:\Users\GRAPHICS\anaconda3\lib\site-packages\flask\_compat.py", line 39, in reraise
    raise value
  File "c:\Users\GRAPHICS\anaconda3\lib\site-packages\flask\app.py", line 1950, in full_dispatch_request
    rv = self.dispatch_request()
  File "c:\Users\GRAPHICS\anaconda3\lib\site-packages\flask\app.py", line 1936, in dispatch_request
    return self.view_functions[rule.endpoint](**req.view_args)
  File "C:\Users\GRAPHICS\AppData\Local\Temp\ipykernel_17780\3636158899.py", line 177, in predict
    response = jsonify({'person_matched': person_matched})
  File "c:\Users\GRAPHICS\anaconda3\lib\site-packages\flask\json\__init__.py", line 370, in jsonify
    dumps(data, indent=indent, separators=separators) + "\n",
  File "c:\Users\GRAPHICS\anaconda3\lib\site-packages\flask\json\__init__.py", line 211, in dumps
    rv = _json.dumps(obj, **kwargs)
  File "c:\Users\GRAPHICS\anaconda3\lib\json\__init__.py", line 234, in dumps
    return cls(
  File "c:\Users\GRAPHICS\anaconda3\lib\json\encoder.py", line 199, in encode
    chunks = self.iterencode(o, _one_shot=True)
  File "c:\Users\GRAPHICS\anaconda3\lib\json\encoder.py", line 257, in iterencode
    return _iterencode(o, 0)
  File "c:\Users\GRAPHICS\anaconda3\lib\site-packages\flask\json\__init__.py", line 100, in default
    return _json.JSONEncoder.default(self, o)
  File "c:\Users\GRAPHICS\anaconda3\lib\json\encoder.py", line 179, in default
    raise TypeError(f'Object of type {o.__class__.__name__} '
TypeError: Object of type int64 is not JSON serializable
2023-07-03 22:57:27,449 ERROR: Exception on /predict [POST] [in c:\Users\GRAPHICS\anaconda3\lib\site-packages\flask\app.py:1891]
Traceback (most recent call last):
  File "c:\Users\GRAPHICS\anaconda3\lib\site-packages\flask\app.py", line 2447, in wsgi_app
    response = self.full_dispatch_request()
  File "c:\Users\GRAPHICS\anaconda3\lib\site-packages\flask\app.py", line 1952, in full_dispatch_request
    rv = self.handle_user_exception(e)
  File "c:\Users\GRAPHICS\anaconda3\lib\site-packages\flask_cors\extension.py", line 176, in wrapped_function
    return cors_after_request(app.make_response(f(*args, **kwargs)))
  File "c:\Users\GRAPHICS\anaconda3\lib\site-packages\flask\app.py", line 1821, in handle_user_exception
    reraise(exc_type, exc_value, tb)
  File "c:\Users\GRAPHICS\anaconda3\lib\site-packages\flask\_compat.py", line 39, in reraise
    raise value
  File "c:\Users\GRAPHICS\anaconda3\lib\site-packages\flask\app.py", line 1950, in full_dispatch_request
    rv = self.dispatch_request()
  File "c:\Users\GRAPHICS\anaconda3\lib\site-packages\flask\app.py", line 1936, in dispatch_request
    return self.view_functions[rule.endpoint](**req.view_args)
  File "C:\Users\GRAPHICS\AppData\Local\Temp\ipykernel_7812\1607795190.py", line 177, in predict
    response = jsonify({'person_matched': person_matched})
  File "c:\Users\GRAPHICS\anaconda3\lib\site-packages\flask\json\__init__.py", line 370, in jsonify
    dumps(data, indent=indent, separators=separators) + "\n",
  File "c:\Users\GRAPHICS\anaconda3\lib\site-packages\flask\json\__init__.py", line 211, in dumps
    rv = _json.dumps(obj, **kwargs)
  File "c:\Users\GRAPHICS\anaconda3\lib\json\__init__.py", line 234, in dumps
    return cls(
  File "c:\Users\GRAPHICS\anaconda3\lib\json\encoder.py", line 199, in encode
    chunks = self.iterencode(o, _one_shot=True)
  File "c:\Users\GRAPHICS\anaconda3\lib\json\encoder.py", line 257, in iterencode
    return _iterencode(o, 0)
  File "c:\Users\GRAPHICS\anaconda3\lib\site-packages\flask\json\__init__.py", line 100, in default
    return _json.JSONEncoder.default(self, o)
  File "c:\Users\GRAPHICS\anaconda3\lib\json\encoder.py", line 179, in default
    raise TypeError(f'Object of type {o.__class__.__name__} '
TypeError: Object of type int64 is not JSON serializable
2023-07-03 23:02:15,510 ERROR: Exception on /predict [POST] [in c:\Users\GRAPHICS\anaconda3\lib\site-packages\flask\app.py:1891]
Traceback (most recent call last):
  File "c:\Users\GRAPHICS\anaconda3\lib\site-packages\flask\app.py", line 2447, in wsgi_app
    response = self.full_dispatch_request()
  File "c:\Users\GRAPHICS\anaconda3\lib\site-packages\flask\app.py", line 1952, in full_dispatch_request
    rv = self.handle_user_exception(e)
  File "c:\Users\GRAPHICS\anaconda3\lib\site-packages\flask_cors\extension.py", line 176, in wrapped_function
    return cors_after_request(app.make_response(f(*args, **kwargs)))
  File "c:\Users\GRAPHICS\anaconda3\lib\site-packages\flask\app.py", line 1821, in handle_user_exception
    reraise(exc_type, exc_value, tb)
  File "c:\Users\GRAPHICS\anaconda3\lib\site-packages\flask\_compat.py", line 39, in reraise
    raise value
  File "c:\Users\GRAPHICS\anaconda3\lib\site-packages\flask\app.py", line 1950, in full_dispatch_request
    rv = self.dispatch_request()
  File "c:\Users\GRAPHICS\anaconda3\lib\site-packages\flask\app.py", line 1936, in dispatch_request
    return self.view_functions[rule.endpoint](**req.view_args)
  File "C:\Users\GRAPHICS\AppData\Local\Temp\ipykernel_16444\1358161231.py", line 168, in predict
    response = app.response_class(response=json.dumps(response, default=convert_to_json_serializable),
  File "c:\Users\GRAPHICS\anaconda3\lib\json\__init__.py", line 234, in dumps
    return cls(
  File "c:\Users\GRAPHICS\anaconda3\lib\json\encoder.py", line 199, in encode
    chunks = self.iterencode(o, _one_shot=True)
  File "c:\Users\GRAPHICS\anaconda3\lib\json\encoder.py", line 257, in iterencode
    return _iterencode(o, 0)
  File "C:\Users\GRAPHICS\AppData\Local\Temp\ipykernel_16444\1358161231.py", line 31, in convert_to_json_serializable
    raise TypeError(f"Object of type {obj.__class__.__name__} is not JSON serializable")
TypeError: Object of type Response is not JSON serializable
2023-07-03 23:04:29,207 ERROR: Exception on /predict [POST] [in c:\Users\GRAPHICS\anaconda3\lib\site-packages\flask\app.py:1891]
Traceback (most recent call last):
  File "c:\Users\GRAPHICS\anaconda3\lib\site-packages\flask\app.py", line 2447, in wsgi_app
    response = self.full_dispatch_request()
  File "c:\Users\GRAPHICS\anaconda3\lib\site-packages\flask\app.py", line 1952, in full_dispatch_request
    rv = self.handle_user_exception(e)
  File "c:\Users\GRAPHICS\anaconda3\lib\site-packages\flask_cors\extension.py", line 176, in wrapped_function
    return cors_after_request(app.make_response(f(*args, **kwargs)))
  File "c:\Users\GRAPHICS\anaconda3\lib\site-packages\flask\app.py", line 1821, in handle_user_exception
    reraise(exc_type, exc_value, tb)
  File "c:\Users\GRAPHICS\anaconda3\lib\site-packages\flask\_compat.py", line 39, in reraise
    raise value
  File "c:\Users\GRAPHICS\anaconda3\lib\site-packages\flask\app.py", line 1950, in full_dispatch_request
    rv = self.dispatch_request()
  File "c:\Users\GRAPHICS\anaconda3\lib\site-packages\flask\app.py", line 1936, in dispatch_request
    return self.view_functions[rule.endpoint](**req.view_args)
  File "C:\Users\GRAPHICS\AppData\Local\Temp\ipykernel_11852\3786252013.py", line 171, in predict
    response = app.response_class(response=json.dumps(response, default=convert_to_json_serializable),
  File "c:\Users\GRAPHICS\anaconda3\lib\json\__init__.py", line 234, in dumps
    return cls(
  File "c:\Users\GRAPHICS\anaconda3\lib\json\encoder.py", line 199, in encode
    chunks = self.iterencode(o, _one_shot=True)
  File "c:\Users\GRAPHICS\anaconda3\lib\json\encoder.py", line 257, in iterencode
    return _iterencode(o, 0)
  File "C:\Users\GRAPHICS\AppData\Local\Temp\ipykernel_11852\3786252013.py", line 31, in convert_to_json_serializable
    elif isinstance(obj, Response):
NameError: name 'Response' is not defined
2023-07-03 23:12:05,555 ERROR: Exception on /predict [POST] [in c:\Users\GRAPHICS\anaconda3\lib\site-packages\flask\app.py:1891]
Traceback (most recent call last):
  File "c:\Users\GRAPHICS\anaconda3\lib\site-packages\flask\app.py", line 2447, in wsgi_app
    response = self.full_dispatch_request()
  File "c:\Users\GRAPHICS\anaconda3\lib\site-packages\flask\app.py", line 1952, in full_dispatch_request
    rv = self.handle_user_exception(e)
  File "c:\Users\GRAPHICS\anaconda3\lib\site-packages\flask\app.py", line 1821, in handle_user_exception
    reraise(exc_type, exc_value, tb)
  File "c:\Users\GRAPHICS\anaconda3\lib\site-packages\flask\_compat.py", line 39, in reraise
    raise value
  File "c:\Users\GRAPHICS\anaconda3\lib\site-packages\flask\app.py", line 1950, in full_dispatch_request
    rv = self.dispatch_request()
  File "c:\Users\GRAPHICS\anaconda3\lib\site-packages\flask\app.py", line 1936, in dispatch_request
    return self.view_functions[rule.endpoint](**req.view_args)
  File "C:\Users\GRAPHICS\AppData\Local\Temp\ipykernel_17268\3116420919.py", line 179, in predict
    response = jsonify({'person_matched': person_matched})
  File "c:\Users\GRAPHICS\anaconda3\lib\site-packages\flask\json\__init__.py", line 370, in jsonify
    dumps(data, indent=indent, separators=separators) + "\n",
  File "c:\Users\GRAPHICS\anaconda3\lib\site-packages\flask\json\__init__.py", line 211, in dumps
    rv = _json.dumps(obj, **kwargs)
  File "c:\Users\GRAPHICS\anaconda3\lib\json\__init__.py", line 234, in dumps
    return cls(
  File "c:\Users\GRAPHICS\anaconda3\lib\json\encoder.py", line 199, in encode
    chunks = self.iterencode(o, _one_shot=True)
  File "c:\Users\GRAPHICS\anaconda3\lib\json\encoder.py", line 257, in iterencode
    return _iterencode(o, 0)
  File "c:\Users\GRAPHICS\anaconda3\lib\site-packages\flask\json\__init__.py", line 100, in default
    return _json.JSONEncoder.default(self, o)
  File "c:\Users\GRAPHICS\anaconda3\lib\json\encoder.py", line 179, in default
    raise TypeError(f'Object of type {o.__class__.__name__} '
TypeError: Object of type int64 is not JSON serializable
2023-07-03 23:13:08,978 ERROR: Exception on /predict [POST] [in c:\Users\GRAPHICS\anaconda3\lib\site-packages\flask\app.py:1891]
Traceback (most recent call last):
  File "c:\Users\GRAPHICS\anaconda3\lib\site-packages\flask\app.py", line 2447, in wsgi_app
    response = self.full_dispatch_request()
  File "c:\Users\GRAPHICS\anaconda3\lib\site-packages\flask\app.py", line 1952, in full_dispatch_request
    rv = self.handle_user_exception(e)
  File "c:\Users\GRAPHICS\anaconda3\lib\site-packages\flask\app.py", line 1821, in handle_user_exception
    reraise(exc_type, exc_value, tb)
  File "c:\Users\GRAPHICS\anaconda3\lib\site-packages\flask\_compat.py", line 39, in reraise
    raise value
  File "c:\Users\GRAPHICS\anaconda3\lib\site-packages\flask\app.py", line 1950, in full_dispatch_request
    rv = self.dispatch_request()
  File "c:\Users\GRAPHICS\anaconda3\lib\site-packages\flask\app.py", line 1936, in dispatch_request
    return self.view_functions[rule.endpoint](**req.view_args)
  File "C:\Users\GRAPHICS\AppData\Local\Temp\ipykernel_17268\3116420919.py", line 179, in predict
    response = jsonify({'person_matched': person_matched})
  File "c:\Users\GRAPHICS\anaconda3\lib\site-packages\flask\json\__init__.py", line 370, in jsonify
    dumps(data, indent=indent, separators=separators) + "\n",
  File "c:\Users\GRAPHICS\anaconda3\lib\site-packages\flask\json\__init__.py", line 211, in dumps
    rv = _json.dumps(obj, **kwargs)
  File "c:\Users\GRAPHICS\anaconda3\lib\json\__init__.py", line 234, in dumps
    return cls(
  File "c:\Users\GRAPHICS\anaconda3\lib\json\encoder.py", line 199, in encode
    chunks = self.iterencode(o, _one_shot=True)
  File "c:\Users\GRAPHICS\anaconda3\lib\json\encoder.py", line 257, in iterencode
    return _iterencode(o, 0)
  File "c:\Users\GRAPHICS\anaconda3\lib\site-packages\flask\json\__init__.py", line 100, in default
    return _json.JSONEncoder.default(self, o)
  File "c:\Users\GRAPHICS\anaconda3\lib\json\encoder.py", line 179, in default
    raise TypeError(f'Object of type {o.__class__.__name__} '
TypeError: Object of type int64 is not JSON serializable
2023-07-03 23:37:08,509 ERROR: Exception on /predict [POST] [in C:\Users\GRAPHICS\anaconda3\lib\site-packages\flask\app.py:1891]
Traceback (most recent call last):
  File "C:\Users\GRAPHICS\anaconda3\lib\site-packages\flask\app.py", line 2447, in wsgi_app
    response = self.full_dispatch_request()
  File "C:\Users\GRAPHICS\anaconda3\lib\site-packages\flask\app.py", line 1952, in full_dispatch_request
    rv = self.handle_user_exception(e)
  File "C:\Users\GRAPHICS\anaconda3\lib\site-packages\flask_cors\extension.py", line 176, in wrapped_function
    return cors_after_request(app.make_response(f(*args, **kwargs)))
  File "C:\Users\GRAPHICS\anaconda3\lib\site-packages\flask\app.py", line 1821, in handle_user_exception
    reraise(exc_type, exc_value, tb)
  File "C:\Users\GRAPHICS\anaconda3\lib\site-packages\flask\_compat.py", line 39, in reraise
    raise value
  File "C:\Users\GRAPHICS\anaconda3\lib\site-packages\flask\app.py", line 1950, in full_dispatch_request
    rv = self.dispatch_request()
  File "C:\Users\GRAPHICS\anaconda3\lib\site-packages\flask\app.py", line 1936, in dispatch_request
    return self.view_functions[rule.endpoint](**req.view_args)
  File "C:\Users\GRAPHICS\Modelll\model.py", line 177, in predict
    response = jsonify({'person_matched': person_matched})
  File "C:\Users\GRAPHICS\anaconda3\lib\site-packages\flask\json\__init__.py", line 370, in jsonify
    dumps(data, indent=indent, separators=separators) + "\n",
  File "C:\Users\GRAPHICS\anaconda3\lib\site-packages\flask\json\__init__.py", line 211, in dumps
    rv = _json.dumps(obj, **kwargs)
  File "C:\Users\GRAPHICS\anaconda3\lib\json\__init__.py", line 234, in dumps
    return cls(
  File "C:\Users\GRAPHICS\anaconda3\lib\json\encoder.py", line 199, in encode
    chunks = self.iterencode(o, _one_shot=True)
  File "C:\Users\GRAPHICS\anaconda3\lib\json\encoder.py", line 257, in iterencode
    return _iterencode(o, 0)
  File "C:\Users\GRAPHICS\anaconda3\lib\site-packages\flask\json\__init__.py", line 100, in default
    return _json.JSONEncoder.default(self, o)
  File "C:\Users\GRAPHICS\anaconda3\lib\json\encoder.py", line 179, in default
    raise TypeError(f'Object of type {o.__class__.__name__} '
TypeError: Object of type int64 is not JSON serializable
2023-07-03 23:46:47,833 ERROR: Exception on /predict [POST] [in C:\Users\GRAPHICS\anaconda3\lib\site-packages\flask\app.py:1891]
Traceback (most recent call last):
  File "C:\Users\GRAPHICS\anaconda3\lib\site-packages\flask\app.py", line 2447, in wsgi_app
    response = self.full_dispatch_request()
  File "C:\Users\GRAPHICS\anaconda3\lib\site-packages\flask\app.py", line 1952, in full_dispatch_request
    rv = self.handle_user_exception(e)
  File "C:\Users\GRAPHICS\anaconda3\lib\site-packages\flask_cors\extension.py", line 176, in wrapped_function
    return cors_after_request(app.make_response(f(*args, **kwargs)))
  File "C:\Users\GRAPHICS\anaconda3\lib\site-packages\flask\app.py", line 1821, in handle_user_exception
    reraise(exc_type, exc_value, tb)
  File "C:\Users\GRAPHICS\anaconda3\lib\site-packages\flask\_compat.py", line 39, in reraise
    raise value
  File "C:\Users\GRAPHICS\anaconda3\lib\site-packages\flask\app.py", line 1950, in full_dispatch_request
    rv = self.dispatch_request()
  File "C:\Users\GRAPHICS\anaconda3\lib\site-packages\flask\app.py", line 1936, in dispatch_request
    return self.view_functions[rule.endpoint](**req.view_args)
  File "C:\Users\GRAPHICS\Modelll\model.py", line 177, in predict
    response = jsonify({'person_matched': person_matched})
  File "C:\Users\GRAPHICS\anaconda3\lib\site-packages\flask\json\__init__.py", line 370, in jsonify
    dumps(data, indent=indent, separators=separators) + "\n",
  File "C:\Users\GRAPHICS\anaconda3\lib\site-packages\flask\json\__init__.py", line 211, in dumps
    rv = _json.dumps(obj, **kwargs)
  File "C:\Users\GRAPHICS\anaconda3\lib\json\__init__.py", line 234, in dumps
    return cls(
  File "C:\Users\GRAPHICS\anaconda3\lib\json\encoder.py", line 199, in encode
    chunks = self.iterencode(o, _one_shot=True)
  File "C:\Users\GRAPHICS\anaconda3\lib\json\encoder.py", line 257, in iterencode
    return _iterencode(o, 0)
  File "C:\Users\GRAPHICS\anaconda3\lib\site-packages\flask\json\__init__.py", line 100, in default
    return _json.JSONEncoder.default(self, o)
  File "C:\Users\GRAPHICS\anaconda3\lib\json\encoder.py", line 179, in default
    raise TypeError(f'Object of type {o.__class__.__name__} '
TypeError: Object of type int64 is not JSON serializable
2023-07-03 23:49:38,711 ERROR: Exception on /predict [POST] [in C:\Users\GRAPHICS\anaconda3\lib\site-packages\flask\app.py:1891]
Traceback (most recent call last):
  File "C:\Users\GRAPHICS\anaconda3\lib\site-packages\flask\app.py", line 2447, in wsgi_app
    response = self.full_dispatch_request()
  File "C:\Users\GRAPHICS\anaconda3\lib\site-packages\flask\app.py", line 1952, in full_dispatch_request
    rv = self.handle_user_exception(e)
  File "C:\Users\GRAPHICS\anaconda3\lib\site-packages\flask_cors\extension.py", line 176, in wrapped_function
    return cors_after_request(app.make_response(f(*args, **kwargs)))
  File "C:\Users\GRAPHICS\anaconda3\lib\site-packages\flask\app.py", line 1821, in handle_user_exception
    reraise(exc_type, exc_value, tb)
  File "C:\Users\GRAPHICS\anaconda3\lib\site-packages\flask\_compat.py", line 39, in reraise
    raise value
  File "C:\Users\GRAPHICS\anaconda3\lib\site-packages\flask\app.py", line 1950, in full_dispatch_request
    rv = self.dispatch_request()
  File "C:\Users\GRAPHICS\anaconda3\lib\site-packages\flask\app.py", line 1936, in dispatch_request
    return self.view_functions[rule.endpoint](**req.view_args)
  File "C:\Users\GRAPHICS\Modelll\model.py", line 177, in predict
    response = jsonify({'person_matched': person_matched})
  File "C:\Users\GRAPHICS\anaconda3\lib\site-packages\flask\json\__init__.py", line 370, in jsonify
    dumps(data, indent=indent, separators=separators) + "\n",
  File "C:\Users\GRAPHICS\anaconda3\lib\site-packages\flask\json\__init__.py", line 211, in dumps
    rv = _json.dumps(obj, **kwargs)
  File "C:\Users\GRAPHICS\anaconda3\lib\json\__init__.py", line 234, in dumps
    return cls(
  File "C:\Users\GRAPHICS\anaconda3\lib\json\encoder.py", line 199, in encode
    chunks = self.iterencode(o, _one_shot=True)
  File "C:\Users\GRAPHICS\anaconda3\lib\json\encoder.py", line 257, in iterencode
    return _iterencode(o, 0)
  File "C:\Users\GRAPHICS\anaconda3\lib\site-packages\flask\json\__init__.py", line 100, in default
    return _json.JSONEncoder.default(self, o)
  File "C:\Users\GRAPHICS\anaconda3\lib\json\encoder.py", line 179, in default
    raise TypeError(f'Object of type {o.__class__.__name__} '
TypeError: Object of type int64 is not JSON serializable
2023-07-03 23:56:13,573 ERROR: Exception on /predict [POST] [in C:\Users\GRAPHICS\anaconda3\lib\site-packages\flask\app.py:1891]
Traceback (most recent call last):
  File "C:\Users\GRAPHICS\anaconda3\lib\site-packages\flask\app.py", line 2447, in wsgi_app
    response = self.full_dispatch_request()
  File "C:\Users\GRAPHICS\anaconda3\lib\site-packages\flask\app.py", line 1952, in full_dispatch_request
    rv = self.handle_user_exception(e)
  File "C:\Users\GRAPHICS\anaconda3\lib\site-packages\flask_cors\extension.py", line 176, in wrapped_function
    return cors_after_request(app.make_response(f(*args, **kwargs)))
  File "C:\Users\GRAPHICS\anaconda3\lib\site-packages\flask\app.py", line 1821, in handle_user_exception
    reraise(exc_type, exc_value, tb)
  File "C:\Users\GRAPHICS\anaconda3\lib\site-packages\flask\_compat.py", line 39, in reraise
    raise value
  File "C:\Users\GRAPHICS\anaconda3\lib\site-packages\flask\app.py", line 1950, in full_dispatch_request
    rv = self.dispatch_request()
  File "C:\Users\GRAPHICS\anaconda3\lib\site-packages\flask\app.py", line 1936, in dispatch_request
    return self.view_functions[rule.endpoint](**req.view_args)
  File "C:\Users\GRAPHICS\Modelll\model.py", line 177, in predict
    response = jsonify({'person_matched': person_matched})
  File "C:\Users\GRAPHICS\anaconda3\lib\site-packages\flask\json\__init__.py", line 370, in jsonify
    dumps(data, indent=indent, separators=separators) + "\n",
  File "C:\Users\GRAPHICS\anaconda3\lib\site-packages\flask\json\__init__.py", line 211, in dumps
    rv = _json.dumps(obj, **kwargs)
  File "C:\Users\GRAPHICS\anaconda3\lib\json\__init__.py", line 234, in dumps
    return cls(
  File "C:\Users\GRAPHICS\anaconda3\lib\json\encoder.py", line 199, in encode
    chunks = self.iterencode(o, _one_shot=True)
  File "C:\Users\GRAPHICS\anaconda3\lib\json\encoder.py", line 257, in iterencode
    return _iterencode(o, 0)
  File "C:\Users\GRAPHICS\anaconda3\lib\site-packages\flask\json\__init__.py", line 100, in default
    return _json.JSONEncoder.default(self, o)
  File "C:\Users\GRAPHICS\anaconda3\lib\json\encoder.py", line 179, in default
    raise TypeError(f'Object of type {o.__class__.__name__} '
TypeError: Object of type int64 is not JSON serializable
2023-07-03 23:58:17,000 ERROR: Exception on /predict [POST] [in C:\Users\GRAPHICS\anaconda3\lib\site-packages\flask\app.py:1891]
Traceback (most recent call last):
  File "C:\Users\GRAPHICS\anaconda3\lib\site-packages\flask\app.py", line 2447, in wsgi_app
    response = self.full_dispatch_request()
  File "C:\Users\GRAPHICS\anaconda3\lib\site-packages\flask\app.py", line 1952, in full_dispatch_request
    rv = self.handle_user_exception(e)
  File "C:\Users\GRAPHICS\anaconda3\lib\site-packages\flask_cors\extension.py", line 176, in wrapped_function
    return cors_after_request(app.make_response(f(*args, **kwargs)))
  File "C:\Users\GRAPHICS\anaconda3\lib\site-packages\flask\app.py", line 1821, in handle_user_exception
    reraise(exc_type, exc_value, tb)
  File "C:\Users\GRAPHICS\anaconda3\lib\site-packages\flask\_compat.py", line 39, in reraise
    raise value
  File "C:\Users\GRAPHICS\anaconda3\lib\site-packages\flask\app.py", line 1950, in full_dispatch_request
    rv = self.dispatch_request()
  File "C:\Users\GRAPHICS\anaconda3\lib\site-packages\flask\app.py", line 1936, in dispatch_request
    return self.view_functions[rule.endpoint](**req.view_args)
  File "C:\Users\GRAPHICS\Modelll\model.py", line 177, in predict
    response = jsonify({'person_matched': person_matched})
  File "C:\Users\GRAPHICS\anaconda3\lib\site-packages\flask\json\__init__.py", line 370, in jsonify
    dumps(data, indent=indent, separators=separators) + "\n",
  File "C:\Users\GRAPHICS\anaconda3\lib\site-packages\flask\json\__init__.py", line 211, in dumps
    rv = _json.dumps(obj, **kwargs)
  File "C:\Users\GRAPHICS\anaconda3\lib\json\__init__.py", line 234, in dumps
    return cls(
  File "C:\Users\GRAPHICS\anaconda3\lib\json\encoder.py", line 199, in encode
    chunks = self.iterencode(o, _one_shot=True)
  File "C:\Users\GRAPHICS\anaconda3\lib\json\encoder.py", line 257, in iterencode
    return _iterencode(o, 0)
  File "C:\Users\GRAPHICS\anaconda3\lib\site-packages\flask\json\__init__.py", line 100, in default
    return _json.JSONEncoder.default(self, o)
  File "C:\Users\GRAPHICS\anaconda3\lib\json\encoder.py", line 179, in default
    raise TypeError(f'Object of type {o.__class__.__name__} '
TypeError: Object of type int64 is not JSON serializable
2023-07-04 01:03:33,942 ERROR: Exception on /predict [POST] [in C:\Users\GRAPHICS\anaconda3\lib\site-packages\flask\app.py:1891]
Traceback (most recent call last):
  File "C:\Users\GRAPHICS\anaconda3\lib\site-packages\flask\app.py", line 2447, in wsgi_app
    response = self.full_dispatch_request()
  File "C:\Users\GRAPHICS\anaconda3\lib\site-packages\flask\app.py", line 1952, in full_dispatch_request
    rv = self.handle_user_exception(e)
  File "C:\Users\GRAPHICS\anaconda3\lib\site-packages\flask_cors\extension.py", line 176, in wrapped_function
    return cors_after_request(app.make_response(f(*args, **kwargs)))
  File "C:\Users\GRAPHICS\anaconda3\lib\site-packages\flask\app.py", line 1821, in handle_user_exception
    reraise(exc_type, exc_value, tb)
  File "C:\Users\GRAPHICS\anaconda3\lib\site-packages\flask\_compat.py", line 39, in reraise
    raise value
  File "C:\Users\GRAPHICS\anaconda3\lib\site-packages\flask\app.py", line 1950, in full_dispatch_request
    rv = self.dispatch_request()
  File "C:\Users\GRAPHICS\anaconda3\lib\site-packages\flask\app.py", line 1936, in dispatch_request
    return self.view_functions[rule.endpoint](**req.view_args)
  File "C:\Users\GRAPHICS\Modelll\model.py", line 177, in predict
    response = jsonify({'person_matched': person_matched})
  File "C:\Users\GRAPHICS\anaconda3\lib\site-packages\flask\json\__init__.py", line 370, in jsonify
    dumps(data, indent=indent, separators=separators) + "\n",
  File "C:\Users\GRAPHICS\anaconda3\lib\site-packages\flask\json\__init__.py", line 211, in dumps
    rv = _json.dumps(obj, **kwargs)
  File "C:\Users\GRAPHICS\anaconda3\lib\json\__init__.py", line 234, in dumps
    return cls(
  File "C:\Users\GRAPHICS\anaconda3\lib\json\encoder.py", line 199, in encode
    chunks = self.iterencode(o, _one_shot=True)
  File "C:\Users\GRAPHICS\anaconda3\lib\json\encoder.py", line 257, in iterencode
    return _iterencode(o, 0)
  File "C:\Users\GRAPHICS\anaconda3\lib\site-packages\flask\json\__init__.py", line 100, in default
    return _json.JSONEncoder.default(self, o)
  File "C:\Users\GRAPHICS\anaconda3\lib\json\encoder.py", line 179, in default
    raise TypeError(f'Object of type {o.__class__.__name__} '
TypeError: Object of type int64 is not JSON serializable
2023-07-04 01:04:29,154 ERROR: Exception on /predict [POST] [in C:\Users\GRAPHICS\anaconda3\lib\site-packages\flask\app.py:1891]
Traceback (most recent call last):
  File "C:\Users\GRAPHICS\anaconda3\lib\site-packages\flask\app.py", line 2447, in wsgi_app
    response = self.full_dispatch_request()
  File "C:\Users\GRAPHICS\anaconda3\lib\site-packages\flask\app.py", line 1952, in full_dispatch_request
    rv = self.handle_user_exception(e)
  File "C:\Users\GRAPHICS\anaconda3\lib\site-packages\flask_cors\extension.py", line 176, in wrapped_function
    return cors_after_request(app.make_response(f(*args, **kwargs)))
  File "C:\Users\GRAPHICS\anaconda3\lib\site-packages\flask\app.py", line 1821, in handle_user_exception
    reraise(exc_type, exc_value, tb)
  File "C:\Users\GRAPHICS\anaconda3\lib\site-packages\flask\_compat.py", line 39, in reraise
    raise value
  File "C:\Users\GRAPHICS\anaconda3\lib\site-packages\flask\app.py", line 1950, in full_dispatch_request
    rv = self.dispatch_request()
  File "C:\Users\GRAPHICS\anaconda3\lib\site-packages\flask\app.py", line 1936, in dispatch_request
    return self.view_functions[rule.endpoint](**req.view_args)
  File "C:\Users\GRAPHICS\Modelll\model.py", line 177, in predict
    response = jsonify({'person_matched': person_matched})
  File "C:\Users\GRAPHICS\anaconda3\lib\site-packages\flask\json\__init__.py", line 370, in jsonify
    dumps(data, indent=indent, separators=separators) + "\n",
  File "C:\Users\GRAPHICS\anaconda3\lib\site-packages\flask\json\__init__.py", line 211, in dumps
    rv = _json.dumps(obj, **kwargs)
  File "C:\Users\GRAPHICS\anaconda3\lib\json\__init__.py", line 234, in dumps
    return cls(
  File "C:\Users\GRAPHICS\anaconda3\lib\json\encoder.py", line 199, in encode
    chunks = self.iterencode(o, _one_shot=True)
  File "C:\Users\GRAPHICS\anaconda3\lib\json\encoder.py", line 257, in iterencode
    return _iterencode(o, 0)
  File "C:\Users\GRAPHICS\anaconda3\lib\site-packages\flask\json\__init__.py", line 100, in default
    return _json.JSONEncoder.default(self, o)
  File "C:\Users\GRAPHICS\anaconda3\lib\json\encoder.py", line 179, in default
    raise TypeError(f'Object of type {o.__class__.__name__} '
TypeError: Object of type int64 is not JSON serializable
2023-07-04 01:06:29,081 ERROR: Exception on /predict [POST] [in C:\Users\GRAPHICS\anaconda3\lib\site-packages\flask\app.py:1891]
Traceback (most recent call last):
  File "C:\Users\GRAPHICS\anaconda3\lib\site-packages\flask\app.py", line 2447, in wsgi_app
    response = self.full_dispatch_request()
  File "C:\Users\GRAPHICS\anaconda3\lib\site-packages\flask\app.py", line 1952, in full_dispatch_request
    rv = self.handle_user_exception(e)
  File "C:\Users\GRAPHICS\anaconda3\lib\site-packages\flask_cors\extension.py", line 176, in wrapped_function
    return cors_after_request(app.make_response(f(*args, **kwargs)))
  File "C:\Users\GRAPHICS\anaconda3\lib\site-packages\flask\app.py", line 1821, in handle_user_exception
    reraise(exc_type, exc_value, tb)
  File "C:\Users\GRAPHICS\anaconda3\lib\site-packages\flask\_compat.py", line 39, in reraise
    raise value
  File "C:\Users\GRAPHICS\anaconda3\lib\site-packages\flask\app.py", line 1950, in full_dispatch_request
    rv = self.dispatch_request()
  File "C:\Users\GRAPHICS\anaconda3\lib\site-packages\flask\app.py", line 1936, in dispatch_request
    return self.view_functions[rule.endpoint](**req.view_args)
  File "C:\Users\GRAPHICS\Modelll\model.py", line 177, in predict
    response = jsonify({'person_matched': person_matched})
  File "C:\Users\GRAPHICS\anaconda3\lib\site-packages\flask\json\__init__.py", line 370, in jsonify
    dumps(data, indent=indent, separators=separators) + "\n",
  File "C:\Users\GRAPHICS\anaconda3\lib\site-packages\flask\json\__init__.py", line 211, in dumps
    rv = _json.dumps(obj, **kwargs)
  File "C:\Users\GRAPHICS\anaconda3\lib\json\__init__.py", line 234, in dumps
    return cls(
  File "C:\Users\GRAPHICS\anaconda3\lib\json\encoder.py", line 199, in encode
    chunks = self.iterencode(o, _one_shot=True)
  File "C:\Users\GRAPHICS\anaconda3\lib\json\encoder.py", line 257, in iterencode
    return _iterencode(o, 0)
  File "C:\Users\GRAPHICS\anaconda3\lib\site-packages\flask\json\__init__.py", line 100, in default
    return _json.JSONEncoder.default(self, o)
  File "C:\Users\GRAPHICS\anaconda3\lib\json\encoder.py", line 179, in default
    raise TypeError(f'Object of type {o.__class__.__name__} '
TypeError: Object of type int64 is not JSON serializable
2023-07-04 01:10:37,874 ERROR: Exception on /predict [POST] [in C:\Users\GRAPHICS\anaconda3\lib\site-packages\flask\app.py:1891]
Traceback (most recent call last):
  File "C:\Users\GRAPHICS\anaconda3\lib\site-packages\flask\app.py", line 2447, in wsgi_app
    response = self.full_dispatch_request()
  File "C:\Users\GRAPHICS\anaconda3\lib\site-packages\flask\app.py", line 1952, in full_dispatch_request
    rv = self.handle_user_exception(e)
  File "C:\Users\GRAPHICS\anaconda3\lib\site-packages\flask_cors\extension.py", line 176, in wrapped_function
    return cors_after_request(app.make_response(f(*args, **kwargs)))
  File "C:\Users\GRAPHICS\anaconda3\lib\site-packages\flask\app.py", line 1821, in handle_user_exception
    reraise(exc_type, exc_value, tb)
  File "C:\Users\GRAPHICS\anaconda3\lib\site-packages\flask\_compat.py", line 39, in reraise
    raise value
  File "C:\Users\GRAPHICS\anaconda3\lib\site-packages\flask\app.py", line 1950, in full_dispatch_request
    rv = self.dispatch_request()
  File "C:\Users\GRAPHICS\anaconda3\lib\site-packages\flask\app.py", line 1936, in dispatch_request
    return self.view_functions[rule.endpoint](**req.view_args)
  File "C:\Users\GRAPHICS\Modelll\model.py", line 177, in predict
    response = jsonify({'person_matched': person_matched})
  File "C:\Users\GRAPHICS\anaconda3\lib\site-packages\flask\json\__init__.py", line 370, in jsonify
    dumps(data, indent=indent, separators=separators) + "\n",
  File "C:\Users\GRAPHICS\anaconda3\lib\site-packages\flask\json\__init__.py", line 211, in dumps
    rv = _json.dumps(obj, **kwargs)
  File "C:\Users\GRAPHICS\anaconda3\lib\json\__init__.py", line 234, in dumps
    return cls(
  File "C:\Users\GRAPHICS\anaconda3\lib\json\encoder.py", line 199, in encode
    chunks = self.iterencode(o, _one_shot=True)
  File "C:\Users\GRAPHICS\anaconda3\lib\json\encoder.py", line 257, in iterencode
    return _iterencode(o, 0)
  File "C:\Users\GRAPHICS\anaconda3\lib\site-packages\flask\json\__init__.py", line 100, in default
    return _json.JSONEncoder.default(self, o)
  File "C:\Users\GRAPHICS\anaconda3\lib\json\encoder.py", line 179, in default
    raise TypeError(f'Object of type {o.__class__.__name__} '
TypeError: Object of type int64 is not JSON serializable
2023-07-04 01:13:50,865 ERROR: Exception on /predict [POST] [in C:\Users\GRAPHICS\anaconda3\lib\site-packages\flask\app.py:1891]
Traceback (most recent call last):
  File "C:\Users\GRAPHICS\anaconda3\lib\site-packages\flask\app.py", line 2447, in wsgi_app
    response = self.full_dispatch_request()
  File "C:\Users\GRAPHICS\anaconda3\lib\site-packages\flask\app.py", line 1952, in full_dispatch_request
    rv = self.handle_user_exception(e)
  File "C:\Users\GRAPHICS\anaconda3\lib\site-packages\flask_cors\extension.py", line 176, in wrapped_function
    return cors_after_request(app.make_response(f(*args, **kwargs)))
  File "C:\Users\GRAPHICS\anaconda3\lib\site-packages\flask\app.py", line 1821, in handle_user_exception
    reraise(exc_type, exc_value, tb)
  File "C:\Users\GRAPHICS\anaconda3\lib\site-packages\flask\_compat.py", line 39, in reraise
    raise value
  File "C:\Users\GRAPHICS\anaconda3\lib\site-packages\flask\app.py", line 1950, in full_dispatch_request
    rv = self.dispatch_request()
  File "C:\Users\GRAPHICS\anaconda3\lib\site-packages\flask\app.py", line 1936, in dispatch_request
    return self.view_functions[rule.endpoint](**req.view_args)
  File "C:\Users\GRAPHICS\Modelll\model.py", line 177, in predict
    response = jsonify({'person_matched': person_matched})
  File "C:\Users\GRAPHICS\anaconda3\lib\site-packages\flask\json\__init__.py", line 370, in jsonify
    dumps(data, indent=indent, separators=separators) + "\n",
  File "C:\Users\GRAPHICS\anaconda3\lib\site-packages\flask\json\__init__.py", line 211, in dumps
    rv = _json.dumps(obj, **kwargs)
  File "C:\Users\GRAPHICS\anaconda3\lib\json\__init__.py", line 234, in dumps
    return cls(
  File "C:\Users\GRAPHICS\anaconda3\lib\json\encoder.py", line 199, in encode
    chunks = self.iterencode(o, _one_shot=True)
  File "C:\Users\GRAPHICS\anaconda3\lib\json\encoder.py", line 257, in iterencode
    return _iterencode(o, 0)
  File "C:\Users\GRAPHICS\anaconda3\lib\site-packages\flask\json\__init__.py", line 100, in default
    return _json.JSONEncoder.default(self, o)
  File "C:\Users\GRAPHICS\anaconda3\lib\json\encoder.py", line 179, in default
    raise TypeError(f'Object of type {o.__class__.__name__} '
TypeError: Object of type int64 is not JSON serializable
2023-07-04 01:25:56,758 ERROR: Exception on /predict [POST] [in c:\Users\GRAPHICS\anaconda3\lib\site-packages\flask\app.py:1891]
Traceback (most recent call last):
  File "c:\Users\GRAPHICS\anaconda3\lib\site-packages\flask\app.py", line 2447, in wsgi_app
    response = self.full_dispatch_request()
  File "c:\Users\GRAPHICS\anaconda3\lib\site-packages\flask\app.py", line 1952, in full_dispatch_request
    rv = self.handle_user_exception(e)
  File "c:\Users\GRAPHICS\anaconda3\lib\site-packages\flask_cors\extension.py", line 176, in wrapped_function
    return cors_after_request(app.make_response(f(*args, **kwargs)))
  File "c:\Users\GRAPHICS\anaconda3\lib\site-packages\flask\app.py", line 1821, in handle_user_exception
    reraise(exc_type, exc_value, tb)
  File "c:\Users\GRAPHICS\anaconda3\lib\site-packages\flask\_compat.py", line 39, in reraise
    raise value
  File "c:\Users\GRAPHICS\anaconda3\lib\site-packages\flask\app.py", line 1950, in full_dispatch_request
    rv = self.dispatch_request()
  File "c:\Users\GRAPHICS\anaconda3\lib\site-packages\flask\app.py", line 1936, in dispatch_request
    return self.view_functions[rule.endpoint](**req.view_args)
  File "C:\Users\GRAPHICS\AppData\Local\Temp\ipykernel_768\2900178370.py", line 177, in predict
    response = jsonify({'person_matched': person_matched})
  File "c:\Users\GRAPHICS\anaconda3\lib\site-packages\flask\json\__init__.py", line 370, in jsonify
    dumps(data, indent=indent, separators=separators) + "\n",
  File "c:\Users\GRAPHICS\anaconda3\lib\site-packages\flask\json\__init__.py", line 211, in dumps
    rv = _json.dumps(obj, **kwargs)
  File "c:\Users\GRAPHICS\anaconda3\lib\json\__init__.py", line 234, in dumps
    return cls(
  File "c:\Users\GRAPHICS\anaconda3\lib\json\encoder.py", line 199, in encode
    chunks = self.iterencode(o, _one_shot=True)
  File "c:\Users\GRAPHICS\anaconda3\lib\json\encoder.py", line 257, in iterencode
    return _iterencode(o, 0)
  File "c:\Users\GRAPHICS\anaconda3\lib\site-packages\flask\json\__init__.py", line 100, in default
    return _json.JSONEncoder.default(self, o)
  File "c:\Users\GRAPHICS\anaconda3\lib\json\encoder.py", line 179, in default
    raise TypeError(f'Object of type {o.__class__.__name__} '
TypeError: Object of type int64 is not JSON serializable
2023-07-04 01:36:40,964 ERROR: Exception on /predict [POST] [in c:\Users\GRAPHICS\anaconda3\lib\site-packages\flask\app.py:1891]
Traceback (most recent call last):
  File "c:\Users\GRAPHICS\anaconda3\lib\site-packages\flask\app.py", line 2447, in wsgi_app
    response = self.full_dispatch_request()
  File "c:\Users\GRAPHICS\anaconda3\lib\site-packages\flask\app.py", line 1952, in full_dispatch_request
    rv = self.handle_user_exception(e)
  File "c:\Users\GRAPHICS\anaconda3\lib\site-packages\flask_cors\extension.py", line 176, in wrapped_function
    return cors_after_request(app.make_response(f(*args, **kwargs)))
  File "c:\Users\GRAPHICS\anaconda3\lib\site-packages\flask\app.py", line 1821, in handle_user_exception
    reraise(exc_type, exc_value, tb)
  File "c:\Users\GRAPHICS\anaconda3\lib\site-packages\flask\_compat.py", line 39, in reraise
    raise value
  File "c:\Users\GRAPHICS\anaconda3\lib\site-packages\flask\app.py", line 1950, in full_dispatch_request
    rv = self.dispatch_request()
  File "c:\Users\GRAPHICS\anaconda3\lib\site-packages\flask\app.py", line 1936, in dispatch_request
    return self.view_functions[rule.endpoint](**req.view_args)
  File "C:\Users\GRAPHICS\AppData\Local\Temp\ipykernel_17136\2900178370.py", line 177, in predict
    response = jsonify({'person_matched': person_matched})
  File "c:\Users\GRAPHICS\anaconda3\lib\site-packages\flask\json\__init__.py", line 370, in jsonify
    dumps(data, indent=indent, separators=separators) + "\n",
  File "c:\Users\GRAPHICS\anaconda3\lib\site-packages\flask\json\__init__.py", line 211, in dumps
    rv = _json.dumps(obj, **kwargs)
  File "c:\Users\GRAPHICS\anaconda3\lib\json\__init__.py", line 234, in dumps
    return cls(
  File "c:\Users\GRAPHICS\anaconda3\lib\json\encoder.py", line 199, in encode
    chunks = self.iterencode(o, _one_shot=True)
  File "c:\Users\GRAPHICS\anaconda3\lib\json\encoder.py", line 257, in iterencode
    return _iterencode(o, 0)
  File "c:\Users\GRAPHICS\anaconda3\lib\site-packages\flask\json\__init__.py", line 100, in default
    return _json.JSONEncoder.default(self, o)
  File "c:\Users\GRAPHICS\anaconda3\lib\json\encoder.py", line 179, in default
    raise TypeError(f'Object of type {o.__class__.__name__} '
TypeError: Object of type int64 is not JSON serializable
2023-07-04 01:46:47,590 ERROR: Exception on /predict [POST] [in c:\Users\GRAPHICS\anaconda3\lib\site-packages\flask\app.py:1891]
Traceback (most recent call last):
  File "c:\Users\GRAPHICS\anaconda3\lib\site-packages\flask\app.py", line 2447, in wsgi_app
    response = self.full_dispatch_request()
  File "c:\Users\GRAPHICS\anaconda3\lib\site-packages\flask\app.py", line 1952, in full_dispatch_request
    rv = self.handle_user_exception(e)
  File "c:\Users\GRAPHICS\anaconda3\lib\site-packages\flask_cors\extension.py", line 176, in wrapped_function
    return cors_after_request(app.make_response(f(*args, **kwargs)))
  File "c:\Users\GRAPHICS\anaconda3\lib\site-packages\flask\app.py", line 1821, in handle_user_exception
    reraise(exc_type, exc_value, tb)
  File "c:\Users\GRAPHICS\anaconda3\lib\site-packages\flask\_compat.py", line 39, in reraise
    raise value
  File "c:\Users\GRAPHICS\anaconda3\lib\site-packages\flask\app.py", line 1950, in full_dispatch_request
    rv = self.dispatch_request()
  File "c:\Users\GRAPHICS\anaconda3\lib\site-packages\flask\app.py", line 1936, in dispatch_request
    return self.view_functions[rule.endpoint](**req.view_args)
  File "C:\Users\GRAPHICS\AppData\Local\Temp\ipykernel_14144\3059198823.py", line 178, in predict
    response = jsonify({'person_matched': person_matched})
  File "c:\Users\GRAPHICS\anaconda3\lib\site-packages\flask\json\__init__.py", line 370, in jsonify
    dumps(data, indent=indent, separators=separators) + "\n",
  File "c:\Users\GRAPHICS\anaconda3\lib\site-packages\flask\json\__init__.py", line 211, in dumps
    rv = _json.dumps(obj, **kwargs)
  File "c:\Users\GRAPHICS\anaconda3\lib\json\__init__.py", line 234, in dumps
    return cls(
  File "c:\Users\GRAPHICS\anaconda3\lib\json\encoder.py", line 199, in encode
    chunks = self.iterencode(o, _one_shot=True)
  File "c:\Users\GRAPHICS\anaconda3\lib\json\encoder.py", line 257, in iterencode
    return _iterencode(o, 0)
  File "c:\Users\GRAPHICS\anaconda3\lib\site-packages\flask\json\__init__.py", line 100, in default
    return _json.JSONEncoder.default(self, o)
  File "c:\Users\GRAPHICS\anaconda3\lib\json\encoder.py", line 179, in default
    raise TypeError(f'Object of type {o.__class__.__name__} '
TypeError: Object of type int64 is not JSON serializable
2023-07-04 01:50:20,221 ERROR: Exception on /predict [POST] [in c:\Users\GRAPHICS\anaconda3\lib\site-packages\flask\app.py:1891]
Traceback (most recent call last):
  File "c:\Users\GRAPHICS\anaconda3\lib\site-packages\flask\app.py", line 2447, in wsgi_app
    response = self.full_dispatch_request()
  File "c:\Users\GRAPHICS\anaconda3\lib\site-packages\flask\app.py", line 1952, in full_dispatch_request
    rv = self.handle_user_exception(e)
  File "c:\Users\GRAPHICS\anaconda3\lib\site-packages\flask_cors\extension.py", line 176, in wrapped_function
    return cors_after_request(app.make_response(f(*args, **kwargs)))
  File "c:\Users\GRAPHICS\anaconda3\lib\site-packages\flask\app.py", line 1821, in handle_user_exception
    reraise(exc_type, exc_value, tb)
  File "c:\Users\GRAPHICS\anaconda3\lib\site-packages\flask\_compat.py", line 39, in reraise
    raise value
  File "c:\Users\GRAPHICS\anaconda3\lib\site-packages\flask\app.py", line 1950, in full_dispatch_request
    rv = self.dispatch_request()
  File "c:\Users\GRAPHICS\anaconda3\lib\site-packages\flask\app.py", line 1936, in dispatch_request
    return self.view_functions[rule.endpoint](**req.view_args)
  File "C:\Users\GRAPHICS\AppData\Local\Temp\ipykernel_2780\2960767013.py", line 168, in predict
    response = jsonify({'person_matched': person_matched})
  File "c:\Users\GRAPHICS\anaconda3\lib\site-packages\flask\json\__init__.py", line 370, in jsonify
    dumps(data, indent=indent, separators=separators) + "\n",
  File "c:\Users\GRAPHICS\anaconda3\lib\site-packages\flask\json\__init__.py", line 211, in dumps
    rv = _json.dumps(obj, **kwargs)
  File "c:\Users\GRAPHICS\anaconda3\lib\json\__init__.py", line 234, in dumps
    return cls(
  File "c:\Users\GRAPHICS\anaconda3\lib\json\encoder.py", line 199, in encode
    chunks = self.iterencode(o, _one_shot=True)
  File "c:\Users\GRAPHICS\anaconda3\lib\json\encoder.py", line 257, in iterencode
    return _iterencode(o, 0)
  File "c:\Users\GRAPHICS\anaconda3\lib\site-packages\flask\json\__init__.py", line 100, in default
    return _json.JSONEncoder.default(self, o)
  File "c:\Users\GRAPHICS\anaconda3\lib\json\encoder.py", line 179, in default
    raise TypeError(f'Object of type {o.__class__.__name__} '
TypeError: Object of type int64 is not JSON serializable
2023-07-04 17:01:10,238 ERROR: Exception on /predict [POST] [in c:\Users\GRAPHICS\anaconda3\lib\site-packages\flask\app.py:1891]
Traceback (most recent call last):
  File "c:\Users\GRAPHICS\anaconda3\lib\site-packages\flask\app.py", line 2447, in wsgi_app
    response = self.full_dispatch_request()
  File "c:\Users\GRAPHICS\anaconda3\lib\site-packages\flask\app.py", line 1952, in full_dispatch_request
    rv = self.handle_user_exception(e)
  File "c:\Users\GRAPHICS\anaconda3\lib\site-packages\flask_cors\extension.py", line 176, in wrapped_function
    return cors_after_request(app.make_response(f(*args, **kwargs)))
  File "c:\Users\GRAPHICS\anaconda3\lib\site-packages\flask\app.py", line 1821, in handle_user_exception
    reraise(exc_type, exc_value, tb)
  File "c:\Users\GRAPHICS\anaconda3\lib\site-packages\flask\_compat.py", line 39, in reraise
    raise value
  File "c:\Users\GRAPHICS\anaconda3\lib\site-packages\flask\app.py", line 1950, in full_dispatch_request
    rv = self.dispatch_request()
  File "c:\Users\GRAPHICS\anaconda3\lib\site-packages\flask\app.py", line 1936, in dispatch_request
    return self.view_functions[rule.endpoint](**req.view_args)
  File "C:\Users\GRAPHICS\AppData\Local\Temp\ipykernel_8464\2582732908.py", line 166, in predict
    df_encoded = encode_df(df_cat)
  File "C:\Users\GRAPHICS\AppData\Local\Temp\ipykernel_8464\2582732908.py", line 124, in encode_df
    X_t_c = loaded_model.transform(df_c['posiable_child'])
  File "c:\Users\GRAPHICS\anaconda3\lib\site-packages\sklearn\feature_extraction\text.py", line 2158, in transform
    return self._tfidf.transform(X, copy=False)
  File "c:\Users\GRAPHICS\anaconda3\lib\site-packages\sklearn\feature_extraction\text.py", line 1710, in transform
    X = self._validate_data(
  File "c:\Users\GRAPHICS\anaconda3\lib\site-packages\sklearn\base.py", line 565, in _validate_data
    X = check_array(X, input_name="X", **check_params)
  File "c:\Users\GRAPHICS\anaconda3\lib\site-packages\sklearn\utils\validation.py", line 931, in check_array
    raise ValueError(
ValueError: Found array with 0 sample(s) (shape=(0, 64)) while a minimum of 1 is required by TfidfTransformer.
2023-07-04 17:04:50,358 ERROR: Exception on /predict [POST] [in c:\Users\GRAPHICS\anaconda3\lib\site-packages\flask\app.py:1891]
Traceback (most recent call last):
  File "c:\Users\GRAPHICS\anaconda3\lib\site-packages\flask\app.py", line 2447, in wsgi_app
    response = self.full_dispatch_request()
  File "c:\Users\GRAPHICS\anaconda3\lib\site-packages\flask\app.py", line 1952, in full_dispatch_request
    rv = self.handle_user_exception(e)
  File "c:\Users\GRAPHICS\anaconda3\lib\site-packages\flask_cors\extension.py", line 176, in wrapped_function
    return cors_after_request(app.make_response(f(*args, **kwargs)))
  File "c:\Users\GRAPHICS\anaconda3\lib\site-packages\flask\app.py", line 1821, in handle_user_exception
    reraise(exc_type, exc_value, tb)
  File "c:\Users\GRAPHICS\anaconda3\lib\site-packages\flask\_compat.py", line 39, in reraise
    raise value
  File "c:\Users\GRAPHICS\anaconda3\lib\site-packages\flask\app.py", line 1950, in full_dispatch_request
    rv = self.dispatch_request()
  File "c:\Users\GRAPHICS\anaconda3\lib\site-packages\flask\app.py", line 1936, in dispatch_request
    return self.view_functions[rule.endpoint](**req.view_args)
  File "C:\Users\GRAPHICS\AppData\Local\Temp\ipykernel_8464\2582732908.py", line 166, in predict
    df_encoded = encode_df(df_cat)
  File "C:\Users\GRAPHICS\AppData\Local\Temp\ipykernel_8464\2582732908.py", line 124, in encode_df
    X_t_c = loaded_model.transform(df_c['posiable_child'])
  File "c:\Users\GRAPHICS\anaconda3\lib\site-packages\sklearn\feature_extraction\text.py", line 2158, in transform
    return self._tfidf.transform(X, copy=False)
  File "c:\Users\GRAPHICS\anaconda3\lib\site-packages\sklearn\feature_extraction\text.py", line 1710, in transform
    X = self._validate_data(
  File "c:\Users\GRAPHICS\anaconda3\lib\site-packages\sklearn\base.py", line 565, in _validate_data
    X = check_array(X, input_name="X", **check_params)
  File "c:\Users\GRAPHICS\anaconda3\lib\site-packages\sklearn\utils\validation.py", line 931, in check_array
    raise ValueError(
ValueError: Found array with 0 sample(s) (shape=(0, 64)) while a minimum of 1 is required by TfidfTransformer.
2023-07-04 17:06:30,712 ERROR: Exception on /predict [POST] [in c:\Users\GRAPHICS\anaconda3\lib\site-packages\flask\app.py:1891]
Traceback (most recent call last):
  File "c:\Users\GRAPHICS\anaconda3\lib\site-packages\flask\app.py", line 2447, in wsgi_app
    response = self.full_dispatch_request()
  File "c:\Users\GRAPHICS\anaconda3\lib\site-packages\flask\app.py", line 1952, in full_dispatch_request
    rv = self.handle_user_exception(e)
  File "c:\Users\GRAPHICS\anaconda3\lib\site-packages\flask_cors\extension.py", line 176, in wrapped_function
    return cors_after_request(app.make_response(f(*args, **kwargs)))
  File "c:\Users\GRAPHICS\anaconda3\lib\site-packages\flask\app.py", line 1821, in handle_user_exception
    reraise(exc_type, exc_value, tb)
  File "c:\Users\GRAPHICS\anaconda3\lib\site-packages\flask\_compat.py", line 39, in reraise
    raise value
  File "c:\Users\GRAPHICS\anaconda3\lib\site-packages\flask\app.py", line 1950, in full_dispatch_request
    rv = self.dispatch_request()
  File "c:\Users\GRAPHICS\anaconda3\lib\site-packages\flask\app.py", line 1936, in dispatch_request
    return self.view_functions[rule.endpoint](**req.view_args)
  File "C:\Users\GRAPHICS\AppData\Local\Temp\ipykernel_8464\2582732908.py", line 166, in predict
    df_encoded = encode_df(df_cat)
  File "C:\Users\GRAPHICS\AppData\Local\Temp\ipykernel_8464\2582732908.py", line 124, in encode_df
    X_t_c = loaded_model.transform(df_c['posiable_child'])
  File "c:\Users\GRAPHICS\anaconda3\lib\site-packages\sklearn\feature_extraction\text.py", line 2158, in transform
    return self._tfidf.transform(X, copy=False)
  File "c:\Users\GRAPHICS\anaconda3\lib\site-packages\sklearn\feature_extraction\text.py", line 1710, in transform
    X = self._validate_data(
  File "c:\Users\GRAPHICS\anaconda3\lib\site-packages\sklearn\base.py", line 565, in _validate_data
    X = check_array(X, input_name="X", **check_params)
  File "c:\Users\GRAPHICS\anaconda3\lib\site-packages\sklearn\utils\validation.py", line 931, in check_array
    raise ValueError(
ValueError: Found array with 0 sample(s) (shape=(0, 64)) while a minimum of 1 is required by TfidfTransformer.
2023-07-05 19:57:05,712 ERROR: Exception on /predict [POST] [in c:\Users\GRAPHICS\anaconda3\lib\site-packages\flask\app.py:1891]
Traceback (most recent call last):
  File "c:\Users\GRAPHICS\anaconda3\lib\site-packages\flask\app.py", line 2447, in wsgi_app
    response = self.full_dispatch_request()
  File "c:\Users\GRAPHICS\anaconda3\lib\site-packages\flask\app.py", line 1952, in full_dispatch_request
    rv = self.handle_user_exception(e)
  File "c:\Users\GRAPHICS\anaconda3\lib\site-packages\flask_cors\extension.py", line 176, in wrapped_function
    return cors_after_request(app.make_response(f(*args, **kwargs)))
  File "c:\Users\GRAPHICS\anaconda3\lib\site-packages\flask\app.py", line 1821, in handle_user_exception
    reraise(exc_type, exc_value, tb)
  File "c:\Users\GRAPHICS\anaconda3\lib\site-packages\flask\_compat.py", line 39, in reraise
    raise value
  File "c:\Users\GRAPHICS\anaconda3\lib\site-packages\flask\app.py", line 1950, in full_dispatch_request
    rv = self.dispatch_request()
  File "c:\Users\GRAPHICS\anaconda3\lib\site-packages\flask\app.py", line 1936, in dispatch_request
    return self.view_functions[rule.endpoint](**req.view_args)
  File "C:\Users\GRAPHICS\AppData\Local\Temp\ipykernel_8464\2582732908.py", line 166, in predict
    df_encoded = encode_df(df_cat)
  File "C:\Users\GRAPHICS\AppData\Local\Temp\ipykernel_8464\2582732908.py", line 124, in encode_df
    X_t_c = loaded_model.transform(df_c['posiable_child'])
  File "c:\Users\GRAPHICS\anaconda3\lib\site-packages\sklearn\feature_extraction\text.py", line 2158, in transform
    return self._tfidf.transform(X, copy=False)
  File "c:\Users\GRAPHICS\anaconda3\lib\site-packages\sklearn\feature_extraction\text.py", line 1710, in transform
    X = self._validate_data(
  File "c:\Users\GRAPHICS\anaconda3\lib\site-packages\sklearn\base.py", line 565, in _validate_data
    X = check_array(X, input_name="X", **check_params)
  File "c:\Users\GRAPHICS\anaconda3\lib\site-packages\sklearn\utils\validation.py", line 931, in check_array
    raise ValueError(
ValueError: Found array with 0 sample(s) (shape=(0, 64)) while a minimum of 1 is required by TfidfTransformer.
2023-07-05 20:14:26,553 ERROR: Exception on /predict [POST] [in c:\Users\GRAPHICS\anaconda3\lib\site-packages\flask\app.py:1891]
Traceback (most recent call last):
  File "c:\Users\GRAPHICS\anaconda3\lib\site-packages\flask\app.py", line 2447, in wsgi_app
    response = self.full_dispatch_request()
  File "c:\Users\GRAPHICS\anaconda3\lib\site-packages\flask\app.py", line 1952, in full_dispatch_request
    rv = self.handle_user_exception(e)
  File "c:\Users\GRAPHICS\anaconda3\lib\site-packages\flask_cors\extension.py", line 176, in wrapped_function
    return cors_after_request(app.make_response(f(*args, **kwargs)))
  File "c:\Users\GRAPHICS\anaconda3\lib\site-packages\flask\app.py", line 1821, in handle_user_exception
    reraise(exc_type, exc_value, tb)
  File "c:\Users\GRAPHICS\anaconda3\lib\site-packages\flask\_compat.py", line 39, in reraise
    raise value
  File "c:\Users\GRAPHICS\anaconda3\lib\site-packages\flask\app.py", line 1950, in full_dispatch_request
    rv = self.dispatch_request()
  File "c:\Users\GRAPHICS\anaconda3\lib\site-packages\flask\app.py", line 1936, in dispatch_request
    return self.view_functions[rule.endpoint](**req.view_args)
  File "C:\Users\GRAPHICS\AppData\Local\Temp\ipykernel_8464\2582732908.py", line 166, in predict
    df_encoded = encode_df(df_cat)
  File "C:\Users\GRAPHICS\AppData\Local\Temp\ipykernel_8464\2582732908.py", line 124, in encode_df
    X_t_c = loaded_model.transform(df_c['posiable_child'])
  File "c:\Users\GRAPHICS\anaconda3\lib\site-packages\sklearn\feature_extraction\text.py", line 2158, in transform
    return self._tfidf.transform(X, copy=False)
  File "c:\Users\GRAPHICS\anaconda3\lib\site-packages\sklearn\feature_extraction\text.py", line 1710, in transform
    X = self._validate_data(
  File "c:\Users\GRAPHICS\anaconda3\lib\site-packages\sklearn\base.py", line 565, in _validate_data
    X = check_array(X, input_name="X", **check_params)
  File "c:\Users\GRAPHICS\anaconda3\lib\site-packages\sklearn\utils\validation.py", line 931, in check_array
    raise ValueError(
ValueError: Found array with 0 sample(s) (shape=(0, 64)) while a minimum of 1 is required by TfidfTransformer.
